sh-5.1# mysql
ERROR 1045 (28000): Access denied for user 'root'@'localhost' (using password: NO)
sh-5.1# mysql -u athledgeruser -p athledgerpass
Enter password:
ERROR 1044 (42000): Access denied for user 'athledgeruser'@'%' to database 'athledgerpass'
sh-5.1# mysql -u athledgeruser -p
Enter password:
Welcome to the MySQL monitor.  Commands end with ; or \g.
Your MySQL connection id is 10
Server version: 8.4.4 MySQL Community Server - GPL

Copyright (c) 2000, 2025, Oracle and/or its affiliates.

Oracle is a registered trademark of Oracle Corporation and/or its
affiliates. Other names may be trademarks of their respective
owners.

Type 'help;' or '\h' for help. Type '\c' to clear the current input statement.

mysql> show databases;
+--------------------+
| Database           |
+--------------------+
| athledger          |
| information_schema |
| performance_schema |
+--------------------+
3 rows in set (0.03 sec)

mysql> use athledger;
Database changed
mysql> show tables;
Empty set (0.00 sec)

mysql> create table user ( username varchar(100), userId varchar(100), email varchar(100), dob varchar(100));
Query OK, 0 rows affected (0.03 sec)

mysql> create table ROLES (userId varchar(100), type varchar(100));
Query OK, 0 rows affected (0.03 sec)

mysql> create table SESSIONS (userId varchar(100), sessionId varchar(100), start varchar(100), end varchar(100));
Query OK, 0 rows affected (0.04 sec)

mysql> create table USERVPASS (userId varchar(100), password varchar(100));
Query OK, 0 rows affected (0.03 sec)

mysql> create table SPORTS (sport varchar(100), sportId varchar(100), admin varchar(100));
Query OK, 0 rows affected (0.03 sec)

mysql> create table SPORTSFACILITY(sport varchar(100), facility varchar(100), capacity int, center varchar(100), sfId varchar(100), sportId varchar(100));
Query OK, 0 rows affected (0.04 sec)

mysql> create table SLOTS(sportId varchar(100), slotId varchar(100), sfId varchar(100), start varchar(100), end varchar(100), date varchar(100));
Query OK, 0 rows affected (0.03 sec)

mysql>